\BOOKMARK [0][-]{chapter*.1}{\376\377\000L\036\335\000i\000\040\000c\036\243\000m\000\040\001\241\000n}{}% 1
\BOOKMARK [0][-]{chapter*.5}{\376\377\000M\036\337\000\040\001\021\036\247\000u}{}% 2
\BOOKMARK [0][-]{chapter.1}{\376\377\001\020\036\267\000c\000\040\000t\036\243\000\040\000y\000\352\000u\000\040\000c\036\247\000u\000\040\000p\000h\036\247\000n\000\040\000m\036\301\000m}{}% 3
\BOOKMARK [1][-]{section.1.1}{\376\377\000M\036\345\000c\000\040\000t\000i\000\352\000u\000\040\000c\036\347\000a\000\040\000c\000h\001\260\001\241\000n\000g}{chapter.1}% 4
\BOOKMARK [1][-]{section.1.2}{\376\377\000B\036\321\000i\000\040\000c\036\243\000n\000h\000\040\000v\000\340\000\040\000v\036\245\000n\000\040\001\021\036\301\000\040\000c\036\347\000a\000\040\000k\000h\000\341\000c\000h\000\040\000h\000\340\000n\000g}{chapter.1}% 5
\BOOKMARK [1][-]{section.1.3}{\376\377\000K\000h\036\243\000o\000\040\000s\000\341\000t\000\040\000k\000h\000\341\000c\000h\000\040\000h\000\340\000n\000g\000\040\000g\000i\036\243\000\040\001\021\036\313\000n\000h}{chapter.1}% 6
\BOOKMARK [1][-]{section.1.4}{\376\377\000P\000h\036\241\000m\000\040\000v\000i\000\040\000h\036\307\000\040\000t\000h\036\321\000n\000g}{chapter.1}% 7
\BOOKMARK [2][-]{subsection.1.4.1}{\376\377\000T\000r\000o\000n\000g\000\040\000p\000h\036\241\000m\000\040\000v\000i}{section.1.4}% 8
\BOOKMARK [2][-]{subsection.1.4.2}{\376\377\000N\000g\000o\000\340\000i\000\040\000p\000h\036\241\000m\000\040\000v\000i}{section.1.4}% 9
\BOOKMARK [1][-]{section.1.5}{\376\377\000Y\000\352\000u\000\040\000c\036\247\000u\000\040\000c\000h\036\351\000c\000\040\000n\001\003\000n\000g}{chapter.1}% 10
\BOOKMARK [1][-]{section.1.6}{\376\377\000Y\000\352\000u\000\040\000c\036\247\000u\000\040\000p\000h\000i\000\040\000c\000h\036\351\000c\000\040\000n\001\003\000n\000g}{chapter.1}% 11
\BOOKMARK [1][-]{section.1.7}{\376\377\000D\000a\000n\000h\000\040\000s\000\341\000c\000h\000\040\000u\000s\000e\000\040\000c\000a\000s\000e\000\040\000t\000h\000e\000o\000\040\000a\000c\000t\000o\000r}{chapter.1}% 12
\BOOKMARK [1][-]{section.1.8}{\376\377\000A\000c\000c\000e\000p\000t\000a\000n\000c\000e\000\040\000c\000r\000i\000t\000e\000r\000i\000a\000\040\000c\000h\036\315\000n\000\040\000l\036\315\000c}{chapter.1}% 13
\BOOKMARK [1][-]{section.1.9}{\376\377\000M\000a\000\040\000t\000r\036\255\000n\000\040\000t\000r\000u\000y\000\040\000v\036\277\000t\000\040\000y\000\352\000u\000\040\000c\036\247\000u\000\040\000r\000\372\000t\000\040\000g\036\315\000n}{chapter.1}% 14
\BOOKMARK [1][-]{section.1.10}{\376\377\000D\000e\000m\000o\000\040\000c\000\341\000c\000\040\000c\000h\036\351\000c\000\040\000n\001\003\000n\000g\000\040\000t\000r\036\315\000n\000g\000\040\000t\000\342\000m}{chapter.1}% 15
\BOOKMARK [0][-]{chapter.2}{\376\377\000T\000h\000i\036\277\000t\000\040\000k\036\277\000\040\000h\036\307\000\040\000t\000h\036\321\000n\000g}{}% 16
\BOOKMARK [1][-]{section.2.1}{\376\377\000M\036\345\000c\000\040\000t\000i\000\352\000u\000\040\000t\000h\000i\036\277\000t\000\040\000k\036\277\000\040\000h\036\307\000\040\000t\000h\036\321\000n\000g}{chapter.2}% 17
\BOOKMARK [1][-]{section.2.2}{\376\377\000N\000g\000u\000y\000\352\000n\000\040\000t\036\257\000c\000\040\000v\000\340\000\040\000g\000i\036\243\000\040\001\021\036\313\000n\000h\000\040\000t\000h\000i\036\277\000t\000\040\000k\036\277}{chapter.2}% 18
\BOOKMARK [1][-]{section.2.3}{\376\377\000K\000i\036\277\000n\000\040\000t\000r\000\372\000c\000\040\000t\036\325\000n\000g\000\040\000t\000h\036\303}{chapter.2}% 19
\BOOKMARK [1][-]{section.2.4}{\376\377\000T\000e\000c\000h\000\040\000s\000t\000a\000c\000k}{chapter.2}% 20
\BOOKMARK [1][-]{section.2.5}{\376\377\000C\000\341\000c\000\040\000q\000u\000y\036\277\000t\000\040\001\021\036\313\000n\000h\000\040\000k\000i\036\277\000n\000\040\000t\000r\000\372\000c\000\040\000c\000h\000\355\000n\000h}{chapter.2}% 21
\BOOKMARK [1][-]{section.2.6}{\376\377\000K\000i\036\277\000n\000\040\000t\000r\000\372\000c\000\040\000b\000a\000c\000k\000e\000n\000d\000:\000\040\000M\000o\000d\000u\000l\000a\000r\000\040\000M\000o\000n\000o\000l\000i\000t\000h}{chapter.2}% 22
\BOOKMARK [1][-]{section.2.7}{\376\377\000K\000i\036\277\000n\000\040\000t\000r\000\372\000c\000\040\000l\000a\000y\000e\000r\000e\000d\000\040\000a\000r\000c\000h\000i\000t\000e\000c\000t\000u\000r\000e}{chapter.2}% 23
\BOOKMARK [1][-]{section.2.8}{\376\377\000K\000i\036\277\000n\000\040\000t\000r\000\372\000c\000\040\000f\000r\000o\000n\000t\000e\000n\000d}{chapter.2}% 24
\BOOKMARK [1][-]{section.2.9}{\376\377\000T\000h\000i\036\277\000t\000\040\000k\036\277\000\040\000A\000P\000I\000\040\000v\000\340\000\040\000g\000i\000a\000o\000\040\000t\000i\036\277\000p\000\040\000g\000i\036\357\000a\000\040\000c\000\341\000c\000\040\000t\000h\000\340\000n\000h\000\040\000p\000h\036\247\000n}{chapter.2}% 25
\BOOKMARK [1][-]{section.2.10}{\376\377\000X\000\341\000c\000\040\000t\000h\036\361\000c\000\040\000v\000\340\000\040\000p\000h\000\342\000n\000\040\000q\000u\000y\036\301\000n}{chapter.2}% 26
\BOOKMARK [1][-]{section.2.11}{\376\377\000X\036\355\000\040\000l\000\375\000\040\000l\036\327\000i\000\040\000v\000\340\000\040\000b\036\243\000o\000\040\000v\036\307\000\040\000A\000P\000I}{chapter.2}% 27
\BOOKMARK [1][-]{section.2.12}{\376\377\000L\000\375\000\040\000d\000o\000\040\000k\000h\000\364\000n\000g\000\040\000c\000h\036\315\000n\000\040\000m\000i\000c\000r\000o\000s\000e\000r\000v\000i\000c\000e\000s}{chapter.2}% 28
\BOOKMARK [1][-]{section.2.13}{\376\377\000G\000\363\000c\000\040\000n\000h\000\354\000n\000\040\000t\000r\000i\036\303\000n\000\040\000k\000h\000a\000i\000\040\000l\000o\000c\000a\000l}{chapter.2}% 29
\BOOKMARK [1][-]{section.2.14}{\376\377\000D\000e\000m\000o\000\040\000c\000\341\000c\000\040\000c\000h\036\351\000c\000\040\000n\001\003\000n\000g\000\040\000t\000r\036\315\000n\000g\000\040\000t\000\342\000m}{chapter.2}% 30
\BOOKMARK [0][-]{chapter.3}{\376\377\000T\000h\000i\036\277\000t\000\040\000k\036\277\000\040\000p\000h\036\247\000n\000\040\000m\036\301\000m}{}% 31
\BOOKMARK [1][-]{section.3.1}{\376\377\000T\036\325\000n\000g\000\040\000q\000u\000a\000n\000\040\000t\000h\000i\036\277\000t\000\040\000k\036\277\000\040\000p\000h\036\247\000n\000\040\000m\036\301\000m}{chapter.3}% 32
\BOOKMARK [1][-]{section.3.2}{\376\377\000N\000g\000u\000y\000\352\000n\000\040\000t\036\257\000c\000\040\000t\000h\000i\036\277\000t\000\040\000k\036\277\000\040\000p\000h\036\247\000n\000\040\000m\036\301\000m}{chapter.3}% 33
\BOOKMARK [2][-]{subsection.3.2.1}{\376\377\000C\000\341\000c\000h\000\040\001\021\036\315\000c\000\040\000E\000R\000D\000\040\000v\000\340\000\040\000p\000h\036\241\000m\000\040\000v\000i\000\040\000s\001\241\000\040\001\021\036\323}{section.3.2}% 34
\BOOKMARK [2][-]{subsection.3.2.2}{\376\377\000Q\000u\000a\000n\000\040\000h\036\307\000\040\000v\000\340\000\040\000m\000u\000l\000t\000i\000p\000l\000i\000c\000i\000t\000y\000\040\000g\000i\036\357\000a\000\040\000c\000\341\000c\000\040\000e\000n\000t\000i\000t\000y\000\040\000l\000\365\000i}{section.3.2}% 35
\BOOKMARK [1][-]{section.3.3}{\376\377\000T\000h\000i\036\277\000t\000\040\000k\036\277\000\040\000d\036\357\000\040\000l\000i\036\307\000u}{chapter.3}% 36
\BOOKMARK [2][-]{subsection.3.3.1}{\376\377\000M\036\345\000c\000\040\000t\000i\000\352\000u\000\040\000t\000h\000i\036\277\000t\000\040\000k\036\277\000\040\000d\036\357\000\040\000l\000i\036\307\000u}{section.3.3}% 37
\BOOKMARK [2][-]{subsection.3.3.2}{\376\377\000E\000R\000D\000\040\000t\036\325\000n\000g\000\040\000t\000h\036\303\000\040\000v\000\340\000\040\000c\000\341\000c\000h\000\040\000t\000\341\000c\000h\000\040\000s\001\241\000\040\001\021\036\323}{section.3.3}% 38
\BOOKMARK [2][-]{subsection.3.3.3}{\376\377\000C\000\341\000c\000\040\000n\000h\000\363\000m\000\040\000m\000o\000d\000e\000l\000\040\000c\000h\000\355\000n\000h}{section.3.3}% 39
\BOOKMARK [2][-]{subsection.3.3.4}{\376\377\000E\000n\000u\000m\000\040\000v\000\340\000\040\000s\000t\000a\000t\000e\000\040\000m\000a\000c\000h\000i\000n\000e}{section.3.3}% 40
\BOOKMARK [2][-]{subsection.3.3.5}{\376\377\000R\000\340\000n\000g\000\040\000b\000u\036\331\000c\000\040\000d\036\357\000\040\000l\000i\036\307\000u\000\040\000q\000u\000a\000n\000\040\000t\000r\036\315\000n\000g}{section.3.3}% 41
\BOOKMARK [2][-]{subsection.3.3.6}{\376\377\000Q\000u\000y\036\277\000t\000\040\001\021\036\313\000n\000h\000\040\000t\000h\000i\036\277\000t\000\040\000k\036\277\000\040\000d\036\357\000\040\000l\000i\036\307\000u}{section.3.3}% 42
\BOOKMARK [1][-]{section.3.4}{\376\377\000T\000h\000i\036\277\000t\000\040\000k\036\277\000\040\000l\036\333\000p\000\040\000v\000\340\000\040\000m\000o\000d\000u\000l\000e\000\040\000n\000g\000h\000i\036\307\000p\000\040\000v\036\345}{chapter.3}% 43
\BOOKMARK [2][-]{subsection.3.4.1}{\376\377\000N\000h\000\363\000m\000\040\000e\000n\000t\000i\000t\000y\000\040\000n\000g\000h\000i\036\307\000p\000\040\000v\036\345}{section.3.4}% 44
\BOOKMARK [2][-]{subsection.3.4.2}{\376\377\000N\000h\000\363\000m\000\040\000s\000e\000r\000v\000i\000c\000e\000\040\001\021\000i\036\301\000u\000\040\000p\000h\036\321\000i\000\040\000n\000g\000h\000i\036\307\000p\000\040\000v\036\345}{section.3.4}% 45
\BOOKMARK [2][-]{subsection.3.4.3}{\376\377\000M\036\321\000i\000\040\000l\000i\000\352\000n\000\040\000h\036\307\000\040\000g\000i\036\357\000a\000\040\000e\000n\000t\000i\000t\000y\000\040\000v\000\340\000\040\000s\000e\000r\000v\000i\000c\000e}{section.3.4}% 46
\BOOKMARK [2][-]{subsection.3.4.4}{\376\377\001\020\000\341\000n\000h\000\040\000g\000i\000\341\000\040\000t\000h\000i\036\277\000t\000\040\000k\036\277\000\040\000l\036\333\000p\000\040\000v\000\340\000\040\000m\000o\000d\000u\000l\000e}{section.3.4}% 47
\BOOKMARK [1][-]{section.3.5}{\376\377\000T\000h\000i\036\277\000t\000\040\000k\036\277\000\040\000x\036\355\000\040\000l\000\375}{chapter.3}% 48
\BOOKMARK [2][-]{subsection.3.5.1}{\376\377\000N\000g\000u\000y\000\352\000n\000\040\000t\036\257\000c\000\040\000t\000h\000i\036\277\000t\000\040\000k\036\277\000\040\000x\036\355\000\040\000l\000\375}{section.3.5}% 49
\BOOKMARK [2][-]{subsection.3.5.2}{\376\377\000A\000P\000I\000\040\000i\000n\000v\000e\000n\000t\000o\000r\000y\000\040\000t\036\325\000n\000g\000\040\000q\000u\000a\000n}{section.3.5}% 50
\BOOKMARK [2][-]{subsection.3.5.3}{\376\377\000M\000a\000\040\000t\000r\036\255\000n\000\040\000p\000h\000\342\000n\000\040\000q\000u\000y\036\301\000n\000\040\000R\000B\000A\000C}{section.3.5}% 51
\BOOKMARK [2][-]{subsection.3.5.4}{\376\377\000D\000a\000n\000h\000\040\000s\000\341\000c\000h\000\040\000e\000n\000d\000p\000o\000i\000n\000t\000\040\000P\000h\000a\000s\000e\000\040\0001\000\040\000t\000i\000\352\000u\000\040\000b\000i\036\303\000u}{section.3.5}% 52
\BOOKMARK [2][-]{subsection.3.5.5}{\376\377\000D\000T\000O\000\040\000v\000\340\000\040\000r\000e\000s\000p\000o\000n\000s\000e\000\040\000s\000h\000a\000p\000e\000\040\000t\000i\000\352\000u\000\040\000b\000i\036\303\000u}{section.3.5}% 53
\BOOKMARK [2][-]{subsection.3.5.6}{\376\377\000B\000u\000s\000i\000n\000e\000s\000s\000\040\000r\000u\000l\000e\000s\000\040\000t\000r\036\315\000n\000g\000\040\000t\000\342\000m}{section.3.5}% 54
\BOOKMARK [2][-]{subsection.3.5.7}{\376\377\000C\000\341\000c\000\040\000l\000u\036\323\000n\000g\000\040\000x\036\355\000\040\000l\000\375\000\040\000c\000h\000\355\000n\000h}{section.3.5}% 55
\BOOKMARK [1][-]{section.3.6}{\376\377\000T\000h\000i\036\277\000t\000\040\000k\036\277\000\040\000g\000i\000a\000o\000\040\000d\000i\036\307\000n}{chapter.3}% 56
\BOOKMARK [2][-]{subsection.3.6.1}{\376\377\000N\000g\000u\000y\000\352\000n\000\040\000t\036\257\000c\000\040\000t\000h\000i\036\277\000t\000\040\000k\036\277\000\040\000g\000i\000a\000o\000\040\000d\000i\036\307\000n}{section.3.6}% 57
\BOOKMARK [2][-]{subsection.3.6.2}{\376\377\000D\000a\000n\000h\000\040\000s\000\341\000c\000h\000\040\000m\000\340\000n\000\040\000h\000\354\000n\000h\000\040\000c\000h\000\355\000n\000h}{section.3.6}% 58
\BOOKMARK [2][-]{subsection.3.6.3}{\376\377\000R\000B\000A\000C\000\040\000t\000r\000\352\000n\000\040\000g\000i\000a\000o\000\040\000d\000i\036\307\000n}{section.3.6}% 59
\BOOKMARK [1][-]{section.3.7}{\376\377\000D\000e\000m\000o\000\040\000c\000\341\000c\000\040\000c\000h\036\351\000c\000\040\000n\001\003\000n\000g\000\040\000t\000r\036\315\000n\000g\000\040\000t\000\342\000m}{chapter.3}% 60
\BOOKMARK [0][-]{chapter.4}{\376\377\000H\000i\036\307\000n\000\040\000t\000h\036\361\000c}{}% 61
\BOOKMARK [1][-]{section.4.1}{\376\377\000M\036\345\000c\000\040\000t\000i\000\352\000u\000\040\000c\036\347\000a\000\040\000c\000h\001\260\001\241\000n\000g}{chapter.4}% 62
\BOOKMARK [1][-]{section.4.2}{\376\377\000P\000h\001\260\001\241\000n\000g\000\040\000p\000h\000\341\000p\000\040\000h\000i\036\307\000n\000\040\000t\000h\036\361\000c}{chapter.4}% 63
\BOOKMARK [1][-]{section.4.3}{\376\377\000C\001\241\000\040\000s\036\337\000\040\000k\000i\036\303\000m\000\040\000c\000h\036\351\000n\000g\000\040\000c\000o\000d\000e\000b\000a\000s\000e}{chapter.4}% 64
\BOOKMARK [1][-]{section.4.4}{\376\377\000Q\000u\000y\000\040\000t\000r\000\354\000n\000h\000\040\000h\000i\036\307\000n\000\040\000t\000h\036\361\000c\000\040\000t\000h\000e\000o\000\040\000u\000s\000e\000\040\000c\000a\000s\000e}{chapter.4}% 65
\BOOKMARK [1][-]{section.4.5}{\376\377\000C\036\245\000u\000\040\000t\000r\000\372\000c\000\040\000m\000\343\000\040\000n\000g\000u\036\323\000n\000\040\000t\036\325\000n\000g\000\040\000q\000u\000a\000n}{chapter.4}% 66
\BOOKMARK [1][-]{section.4.6}{\376\377\000H\000i\036\307\000n\000\040\000t\000h\036\361\000c\000\040\000b\000a\000c\000k\000e\000n\000d}{chapter.4}% 67
\BOOKMARK [1][-]{section.4.7}{\376\377\000H\000i\036\307\000n\000\040\000t\000h\036\361\000c\000\040\000f\000r\000o\000n\000t\000e\000n\000d}{chapter.4}% 68
\BOOKMARK [1][-]{section.4.8}{\376\377\000H\000i\036\307\000n\000\040\000t\000h\036\361\000c\000\040\000c\001\241\000\040\000s\036\337\000\040\000d\036\357\000\040\000l\000i\036\307\000u}{chapter.4}% 69
\BOOKMARK [1][-]{section.4.9}{\376\377\000H\000i\036\307\000n\000\040\000t\000h\036\361\000c\000\040\000A\000P\000I}{chapter.4}% 70
\BOOKMARK [1][-]{section.4.10}{\376\377\000H\000i\036\307\000n\000\040\000t\000h\036\361\000c\000\040\000b\000u\000s\000i\000n\000e\000s\000s\000\040\000r\000u\000l\000e\000s\000\040\000t\000i\000\352\000u\000\040\000b\000i\036\303\000u}{chapter.4}% 71
\BOOKMARK [2][-]{subsection.4.10.1}{\376\377\000V\000\355\000\040\000d\036\345\000\040\000h\000i\036\307\000n\000\040\000t\000h\036\361\000c\000\040\000b\000u\000s\000i\000n\000e\000s\000s\000\040\000r\000u\000l\000e\000\040\000b\036\261\000n\000g\000\040\000t\000r\000a\000n\000s\000a\000c\000t\000i\000o\000n}{section.4.10}% 72
\BOOKMARK [1][-]{section.4.11}{\376\377\000Q\000u\036\243\000n\000\040\000l\000\375\000\040\000m\000\343\000\040\000n\000g\000u\036\323\000n\000\040\000v\000\340\000\040\000q\000u\000y\000\040\000t\000r\000\354\000n\000h\000\040\000n\000h\000\363\000m}{chapter.4}% 73
\BOOKMARK [1][-]{section.4.12}{\376\377\000D\000e\000m\000o\000\040\000c\000\341\000c\000\040\000c\000h\036\351\000c\000\040\000n\001\003\000n\000g\000\040\000t\000r\036\315\000n\000g\000\040\000t\000\342\000m}{chapter.4}% 74
\BOOKMARK [1][-]{section.4.13}{\376\377\000K\036\277\000t\000\040\000l\000u\036\255\000n\000\040\000c\000h\001\260\001\241\000n\000g}{chapter.4}% 75
\BOOKMARK [0][-]{chapter.5}{\376\377\000K\000i\036\303\000m\000\040\000t\000h\036\355\000\040\000p\000h\036\247\000n\000\040\000m\036\301\000m}{}% 76
\BOOKMARK [1][-]{section.5.1}{\376\377\000M\036\345\000c\000\040\000t\000i\000\352\000u\000\040\000k\000i\036\303\000m\000\040\000t\000h\036\355}{chapter.5}% 77
\BOOKMARK [1][-]{section.5.2}{\376\377\000C\000h\000i\036\277\000n\000\040\000l\001\260\036\343\000c\000\040\000k\000i\036\303\000m\000\040\000t\000h\036\355}{chapter.5}% 78
\BOOKMARK [1][-]{section.5.3}{\376\377\000B\036\261\000n\000g\000\040\000c\000h\036\351\000n\000g\000\040\000t\000e\000s\000t\000\040\000h\000i\036\307\000n\000\040\000c\000\363}{chapter.5}% 79
\BOOKMARK [1][-]{section.5.4}{\376\377\000K\036\277\000\040\000h\000o\036\241\000c\000h\000\040\000k\000i\036\303\000m\000\040\000t\000h\036\355\000\040\000P\000h\000a\000s\000e\000\040\0001}{chapter.5}% 80
\BOOKMARK [2][-]{subsection.5.4.1}{\376\377\000A\000u\000t\000h\000\040\000M\000o\000d\000u\000l\000e}{section.5.4}% 81
\BOOKMARK [2][-]{subsection.5.4.2}{\376\377\000C\000l\000i\000n\000i\000c\000\040\000F\000l\000o\000w}{section.5.4}% 82
\BOOKMARK [2][-]{subsection.5.4.3}{\376\377\000B\000i\000l\000l\000i\000n\000g\000\040\000v\000\340\000\040\000C\000a\000t\000a\000l\000o\000g}{section.5.4}% 83
\BOOKMARK [1][-]{section.5.5}{\376\377\000K\036\277\000\040\000h\000o\036\241\000c\000h\000\040\000k\000i\036\303\000m\000\040\000t\000h\036\355\000\040\000P\000h\000a\000s\000e\000\040\0002}{chapter.5}% 84
\BOOKMARK [1][-]{section.5.6}{\376\377\000K\000i\036\303\000m\000\040\000t\000h\036\355\000\040\000g\000i\000a\000o\000\040\000d\000i\036\307\000n}{chapter.5}% 85
\BOOKMARK [1][-]{section.5.7}{\376\377\000K\036\277\000t\000\040\000q\000u\036\243\000\040\000k\000i\036\303\000m\000\040\000t\000h\036\355\000\040\000t\036\361\000\040\001\021\036\331\000n\000g}{chapter.5}% 86
\BOOKMARK [1][-]{section.5.8}{\376\377\000B\036\243\000n\000g\000\040\000k\036\277\000t\000\040\000q\000u\036\243\000\040\000k\000i\036\303\000m\000\040\000t\000h\036\355}{chapter.5}% 87
\BOOKMARK [1][-]{section.5.9}{\376\377\001\020\000\341\000n\000h\000\040\000g\000i\000\341\000\040\000t\000h\036\361\000c\000\040\000t\000r\036\241\000n\000g\000\040\000t\000e\000s\000t\000i\000n\000g}{chapter.5}% 88
\BOOKMARK [1][-]{section.5.10}{\376\377\000D\000e\000m\000o\000\040\000c\000\341\000c\000\040\000c\000h\036\351\000c\000\040\000n\001\003\000n\000g\000\040\000t\000r\036\315\000n\000g\000\040\000t\000\342\000m}{chapter.5}% 89
\BOOKMARK [1][-]{section.5.11}{\376\377\000B\036\325\000\040\000s\000u\000n\000g\000\040\000k\000h\000u\000n\000g\000\040\000k\000i\036\303\000m\000\040\000t\000h\036\355\000\040\000h\036\331\000p\000\040\000t\000r\036\257\000n\000g\000\040\000v\000\340\000\040\001\021\000a\000\040\000t\036\247\000n\000g}{chapter.5}% 90
\BOOKMARK [2][-]{subsection.5.11.1}{\376\377\000U\000n\000i\000t\000\040\000t\000e\000s\000t\000\040\000h\036\331\000p\000\040\000t\000r\036\257\000n\000g\000\040\000c\000h\000o\000\040\000s\000e\000r\000v\000i\000c\000e\000\040\000l\000a\000y\000e\000r\000\040\000\050\000b\000a\000c\000k\000e\000n\000d\000\051}{section.5.11}% 91
\BOOKMARK [2][-]{subsection.5.11.2}{\376\377\000U\000n\000i\000t\000\040\000v\000\340\000\040\000c\000o\000m\000p\000o\000n\000e\000n\000t\000\040\000t\000e\000s\000t\000\040\000c\000h\000o\000\040\000f\000r\000o\000n\000t\000e\000n\000d\000\040\000\050\000V\000i\000t\000e\000s\000t\000\051}{section.5.11}% 92
\BOOKMARK [2][-]{subsection.5.11.3}{\376\377\000K\000i\036\303\000m\000\040\000t\000h\036\355\000\040\000r\000\340\000n\000g\000\040\000b\000u\036\331\000c\000\040\000d\000a\000t\000a\000b\000a\000s\000e}{section.5.11}% 93
\BOOKMARK [2][-]{subsection.5.11.4}{\376\377\000T\000\355\000c\000h\000\040\000h\036\343\000p\000\040\000l\000i\000\352\000n\000\040\000t\036\345\000c\000\040\000\050\000C\000I\000\051}{section.5.11}% 94
\BOOKMARK [1][-]{section.5.12}{\376\377\000H\036\241\000n\000\040\000c\000h\036\277\000\040\000k\000i\036\303\000m\000\040\000t\000h\036\355}{chapter.5}% 95
\BOOKMARK [1][-]{section.5.13}{\376\377\000K\036\277\000t\000\040\000l\000u\036\255\000n\000\040\000c\000h\001\260\001\241\000n\000g}{chapter.5}% 96
\BOOKMARK [0][-]{chapter.6}{\376\377\000T\000r\000i\036\303\000n\000\040\000k\000h\000a\000i\000\040\000v\000\340\000\040\000v\036\255\000n\000\040\000h\000\340\000n\000h}{}% 97
\BOOKMARK [1][-]{section.6.1}{\376\377\000M\036\345\000c\000\040\000t\000i\000\352\000u\000\040\000c\036\347\000a\000\040\000c\000h\001\260\001\241\000n\000g}{chapter.6}% 98
\BOOKMARK [1][-]{section.6.2}{\376\377\000P\000h\036\241\000m\000\040\000v\000i\000\040\000t\000r\000i\036\303\000n\000\040\000k\000h\000a\000i}{chapter.6}% 99
\BOOKMARK [1][-]{section.6.3}{\376\377\000Y\000\352\000u\000\040\000c\036\247\000u\000\040\000m\000\364\000i\000\040\000t\000r\001\260\036\335\000n\000g}{chapter.6}% 100
\BOOKMARK [1][-]{section.6.4}{\376\377\000B\000i\036\277\000n\000\040\000m\000\364\000i\000\040\000t\000r\001\260\036\335\000n\000g\000\040\000b\000a\000c\000k\000e\000n\000d}{chapter.6}% 101
\BOOKMARK [1][-]{section.6.5}{\376\377\000C\000\340\000i\000\040\001\021\036\267\000t\000\040\000v\000\340\000\040\000c\000h\036\241\000y\000\040\000b\000a\000c\000k\000e\000n\000d}{chapter.6}% 102
\BOOKMARK [1][-]{section.6.6}{\376\377\000C\000\340\000i\000\040\001\021\036\267\000t\000\040\000v\000\340\000\040\000c\000h\036\241\000y\000\040\000f\000r\000o\000n\000t\000e\000n\000d}{chapter.6}% 103
\BOOKMARK [1][-]{section.6.7}{\376\377\000T\000\340\000i\000\040\000k\000h\000o\036\243\000n\000\040\000d\000e\000m\000o}{chapter.6}% 104
\BOOKMARK [1][-]{section.6.8}{\376\377\000Q\000u\036\243\000n\000\040\000l\000\375\000\040\000d\000a\000t\000a\000b\000a\000s\000e}{chapter.6}% 105
\BOOKMARK [1][-]{section.6.9}{\376\377\000L\036\307\000n\000h\000\040\000k\000i\036\303\000m\000\040\000t\000r\000a\000\040\000c\000h\036\245\000t\000\040\000l\001\260\036\343\000n\000g\000\040\000c\000o\000d\000e}{chapter.6}% 106
\BOOKMARK [1][-]{section.6.10}{\376\377\000T\000r\000o\000u\000b\000l\000e\000s\000h\000o\000o\000t\000i\000n\000g\000\040\000k\000h\000i\000\040\000t\000r\000i\036\303\000n\000\040\000k\000h\000a\000i\000\040\000l\000o\000c\000a\000l}{chapter.6}% 107
\BOOKMARK [1][-]{section.6.11}{\376\377\000G\000h\000i\000\040\000c\000h\000\372\000\040\000v\036\255\000n\000\040\000h\000\340\000n\000h\000\040\000p\000r\000o\000d\000u\000c\000t\000i\000o\000n\000\040\000t\000r\000o\000n\000g\000\040\000t\001\260\001\241\000n\000g\000\040\000l\000a\000i}{chapter.6}% 108
\BOOKMARK [1][-]{section.6.12}{\376\377\000D\000e\000m\000o\000\040\000c\000\341\000c\000\040\000c\000h\036\351\000c\000\040\000n\001\003\000n\000g\000\040\000t\000r\036\315\000n\000g\000\040\000t\000\342\000m}{chapter.6}% 109
\BOOKMARK [0][-]{chapter*.52}{\376\377\000K\036\277\000t\000\040\000l\000u\036\255\000n}{}% 110
\BOOKMARK [0][-]{section*.57}{\376\377\000T\000\340\000i\000\040\000l\000i\036\307\000u\000\040\000t\000h\000a\000m\000\040\000k\000h\036\243\000o}{}% 111
